==> Subscription context
Name                  Tenant
--------------------  ------------------------------------
Azure subscription 1  11111111-1111-1111-1111-111111111111
==> [1/9] Resource group rg-agentpoc-8e9e55d7
==> [2/9] Virtual network + subnets
==> [3/9] Log Analytics workspace
==> [4/9] Storage account
==> [5/9] Private endpoint + private DNS for blob
ERROR: (LinkedInvalidPropertyId) Property id 'C:/Program Files/Git/subscriptions/00000000-0000-0000-0000-000000000000/resourceGroups/rg-agentpoc-8e9e55d7/providers/Microsoft.Storage/storageAccounts/stagentpoc8e9e55d7' at path 'properties.privateLinkServiceConnections[0].properties.privateLinkServiceId' is invalid. Expect fully qualified resource Id that start with '/subscriptions/{subscriptionId}' or '/providers/{resourceProviderNamespace}/'.
Code: LinkedInvalidPropertyId
Message: Property id 'C:/Program Files/Git/subscriptions/00000000-0000-0000-0000-000000000000/resourceGroups/rg-agentpoc-8e9e55d7/providers/Microsoft.Storage/storageAccounts/stagentpoc8e9e55d7' at path 'properties.privateLinkServiceConnections[0].properties.privateLinkServiceId' is invalid. Expect fully qualified resource Id that start with '/subscriptions/{subscriptionId}' or '/providers/{resourceProviderNamespace}/'.
==> Subscription context
Name                  Tenant
--------------------  ------------------------------------
Azure subscription 1  11111111-1111-1111-1111-111111111111
==> [1/9] Resource group rg-agentpoc-8e9e55d7
==> [2/9] Virtual network + subnets
==> [3/9] Log Analytics workspace
==> [4/9] Storage account
WARNING: A storage account with the provided name stagentpoc8e9e55d7 is found. Will continue to update the existing account.
==> [5/9] Private endpoint + private DNS for blob
==> [6/9] Key Vault
==> [7/9] App Service plan + web app
WARNING: Creating App Service Plan 'plan-agentpoc-8e9e55d7' (Linux).
ERROR: Operation cannot be completed without additional quota. 
Additional details - Location:  
Current Limit (B1 VMs): 0 
Current Usage: 0
Amount required for this deployment (B1 VMs): 1 
(Minimum) New Limit that you should request to enable this deployment: 1. 
Note that if you experience multiple scaling operations failing (in addition to this one) and need to accommodate the aggregate quota requirements of these operations, you will need to request a higher quota limit than the one currently displayed.
==> Subscription context
Name                  Tenant
--------------------  ------------------------------------
Azure subscription 1  11111111-1111-1111-1111-111111111111
==> [1/9] Resource group rg-agentpoc-8e9e55d7
==> [2/9] Virtual network + subnets
ERROR: (InUseSubnetCannotBeDeleted) Subnet snet-pe is in use by /subscriptions/00000000-0000-0000-0000-000000000000/resourceGroups/rg-agentpoc-8e9e55d7/providers/Microsoft.Network/networkInterfaces/pe-blob-agentpoc.nic.c3843bdd-c10a-461a-a510-077545b3ef62/ipConfigurations/privateEndpointIpConfig.1d23c98d-208f-4ce5-9a03-3450ef9e971f and cannot be deleted. In order to delete the subnet, delete all the resources within the subnet. See aka.ms/deletesubnet.
Code: InUseSubnetCannotBeDeleted
Message: Subnet snet-pe is in use by /subscriptions/00000000-0000-0000-0000-000000000000/resourceGroups/rg-agentpoc-8e9e55d7/providers/Microsoft.Network/networkInterfaces/pe-blob-agentpoc.nic.c3843bdd-c10a-461a-a510-077545b3ef62/ipConfigurations/privateEndpointIpConfig.1d23c98d-208f-4ce5-9a03-3450ef9e971f and cannot be deleted. In order to delete the subnet, delete all the resources within the subnet. See aka.ms/deletesubnet.
==> Subscription context
Name
--------------------
Azure subscription 1
==> [1/9] Resource group rg-agentpoc-8e9e55d7
==> [2/9] Virtual network + subnets
    vnet exists, leaving address space alone
==> [3/9] Log Analytics workspace
==> [4/9] Storage account
WARNING: A storage account with the provided name stagentpoc8e9e55d7 is found. Will continue to update the existing account.
==> [5/9] Private endpoint + private DNS for blob
==> [6/9] Key Vault
==> [7/9] App Service plan + web app (F1)
WARNING: Creating App Service Plan 'plan-agentpoc-8e9e55d7' (Linux).
ERROR: Operation cannot be completed without additional quota. 
Additional details - Location:  
Current Limit (F1 VMs): 0 
Current Usage: 0
Amount required for this deployment (F1 VMs): 1 
(Minimum) New Limit that you should request to enable this deployment: 1. 
Note that if you experience multiple scaling operations failing (in addition to this one) and need to accommodate the aggregate quota requirements of these operations, you will need to request a higher quota limit than the one currently displayed.
==> Subscription context
Name
--------------------
Azure subscription 1
==> [1/9] Resource group rg-agentpoc-8e9e55d7
==> [2/9] Virtual network + subnets
    vnet exists, leaving address space alone
==> [3/9] Log Analytics workspace
==> [4/9] Storage account
WARNING: A storage account with the provided name stagentpoc8e9e55d7 is found. Will continue to update the existing account.
==> [5/9] Private endpoint + private DNS for blob
==> [6/9] Key Vault
==> [7/9] Workload identity
    (no App Service quota - using a user-assigned managed identity)
==> [8/9] Role assignment
==> [9/9] Diagnostic settings (storage + web app only)

================================================================
Sandbox estate deployed.

  Resource group : rg-agentpoc-8e9e55d7
  Location       : uksouth
  Suffix         : 8e9e55d7
  Plan SKU       : F1

Teardown: ./scripts/teardown.sh rg-agentpoc-8e9e55d7
================================================================
